// Jest Snapshot v1, https://goo.gl/fbAQLP

exports[`MainMenu should render correctly 1`] = `
<nav>
  <NavLink
    activeClassName="active"
    aria-current="page"
    exact={true}
    to="/"
  >
    Home
  </NavLink>
  <NavLink
    activeClassName="active"
    aria-current="page"
    to="about"
  >
    About
  </NavLink>
  <NavLink
    activeClassName="active"
    aria-current="page"
    to="/gallery"
  >
    Gallery
  </NavLink>
  <NavLink
    activeClassName="active"
    aria-current="page"
    to="/works"
  >
    Works
  </NavLink>
  <NavLink
    activeClassName="active"
    aria-current="page"
    to="./contacts"
  >
    Contacts
  </NavLink>
</nav>
`;
